Popped = 5
Size now = 5
Popped = 4
Size now = 4
Popped = 3
Size now = 3
Pushed = 4
Size now = 4
Pushed = 19
Size now = 5
Size still = 5
Pushed = 23, 42
Size now = 7
Dog size = 1
Dog size = 0
Dog size = 0
Done.
